Reading authors from JSON files...

Found 24 unique authors:

  1. Bhagavān Śrīla Bhakti Siddhānta Saraswatī Ṭhākur
  2. Kālidās
  3. Satyavrata Muni
  4. Śrī Gopāl Govinda Mahānta
  5. Śrī Vidyāpati
  6. Śrīla Bhakti Rakṣak Śrīdhar Dev-Goswāmī Mahārāj
  7. Śrīla Bhakti Sundar Govinda Dev-Goswāmī Mahārāj
  8. Śrīla Bhakti Vinod Ṭhākur
  9. Śrīla Chandraśekhara Kavi
 10. Śrīla Govinda Dās Kavirāj
 11. Śrīla Jayadev Goswāmī
 12. Śrīla Kṛṣṇadās Kavirāj Goswāmī
 13. Śrīla Lochan Dās Ṭhākur
 14. Śrīla Narottam Dās Ṭhākur
 15. Śrīla Nayanānanda Dās
 16. Śrīla Premānanda Dās
 17. Śrīla Raghunāth Dās Goswāmī Prabhu
 18. Śrīla Rūpa Goswāmī Prabhu
 19. Śrīla Viśvanāth Chakravartī Ṭhākur
 20. Śrīla Vyasādeva
 21. Śrīla Vāsudeva Ghoṣ
 22. Śrīla Vṛndāvan Dās Ṭhākur
 23. Śrīla Śrīnivās Āchārya
 24. Śrīpād B.A. Paramahaṁsa Mahārāj
